I'm sorry, but errors were detected in your script. Please correct the
errors listed below, and try again.


File "game/script.rpy", line 4694: end of line expected.
    if persistent.game_clear: False
                              ^

File "game/script.rpy", line 4700: expected statement.
    else:
        ^

Ren'Py Version: Ren'Py 8.3.7.25031702
Tue Sep 30 21:29:37 2025
